--
-- first, load the function.  Turn off echoing so that expected file
-- does not depend on contents of ts_count.sql.
--
SET client_min_messages = warning;
\set ECHO none
select ts_count(to_tsvector('managing managers manage peons managerially'),
                to_tsquery('managers'));
 ts_count 
----------
        3
(1 row)

select ts_count(to_tsvector('managing managers manage peons managerially'),
                to_tsquery('managers | peon'));
 ts_count 
----------
        4
(1 row)

